NODES (48)
A-9-CN7	real
A-9-CN9	real
C-17-CN14	real
C-17-CN16	real
C-17-CN41	real
C-17-FEED-CN15	real
FEED-1-CN5	real
FEED-1-CN6	real
FEED-11-CN17	real
FEED-11-CN18	real
FEED-11-CN19	real
FEED-11-CN21	real
FEED-14-CN42	real
FEED-14-CN43	real
FEED-6-CN10	real
FEED-6-CN11	real
FEED-6-CN12	real
GND	virtual
H-20-CN50	real
H-20-CN51	real
H-20-CN52	real
H-25-CN47	real
H-25-CN48	real
H-25-CN49	real
H-30-CN38	real
H-30-CN39	real
H-30-CN40	real
H-35-CN32	real
H-35-CN33	real
H-35-CN34	real
H-41-CN23	real
H-41-CN24	real
H-41-CN25	real
H-45-CN35	real
H-45-CN36	real
H-45-CN37	real
H-49-CN26	real
H-49-CN27	real
H-49-CN28	real
H-53-CN29	real
H-53-CN30	real
H-53-CN31	real
H-57-CN44	real
H-57-CN45	real
H-57-CN46	real
O-5-CN1	real
O-5-CN2	real
O-5-CN3	real

EDGES (54)
A-9-FU	A-9-CN7	A-9-CN9
C-17-FU	C-17-CN14	C-17-FEED-CN15
FEED-1-FU	FEED-1-CN5	FEED-1-CN6
FEED-11-FU	FEED-11-CN17	FEED-11-CN18
FEED-14-FU	FEED-14-CN42	FEED-14-CN43
FEED-6-FU	FEED-6-CN10	FEED-6-CN11
H-20-FU	H-20-CN50	H-20-CN51
H-25-FU	H-25-CN47	H-25-CN48
H-30-FU	H-30-CN38	H-30-CN39
H-35-FU	H-35-CN32	H-35-CN33
H-41-FU	H-41-CN23	H-41-CN24
H-45-FU	H-45-CN35	H-45-CN36
H-49-FU	H-49-CN26	H-49-CN27
H-53-FU	H-53-CN29	H-53-CN30
H-57-FU	H-57-CN44	H-57-CN45
LIN-D-18-E-19	FEED-11-CN19	FEED-11-CN21
LIN-D-18-H-35	FEED-11-CN19	H-35-CN32
LIN-D-18-H-45	FEED-11-CN19	H-45-CN35
LIN-E-19-H-41	FEED-11-CN21	H-41-CN23
LIN-E-19-H-49	FEED-11-CN21	H-49-CN26
LIN-E-19-H-53	FEED-11-CN21	H-53-CN29
LIN-FEED-1-A-9	FEED-1-CN6	A-9-CN7
LIN-FEED-11-D-18	FEED-11-CN18	FEED-11-CN19
LIN-FEED-11-H-30	FEED-11-CN18	H-30-CN38
LIN-FEED-14-H-57	FEED-14-CN43	H-57-CN44
LIN-FEED-6-H-20	FEED-6-CN11	H-20-CN50
LIN-FEED-6-J-10	FEED-6-CN11	FEED-6-CN12
LIN-J-10-C-17	FEED-6-CN12	C-17-CN14
LIN-J-10-H-25	FEED-6-CN12	H-25-CN47
MD-12	C-17-CN16	FEED-11-CN17
MD-15	C-17-CN41	FEED-14-CN42
MD-2	O-5-CN3	FEED-1-CN5
MD-22	H-20-CN51	H-20-CN52
MD-27	H-25-CN48	H-25-CN49
MD-32	H-30-CN39	H-30-CN40
MD-37	H-35-CN33	H-35-CN34
MD-42	H-41-CN24	H-41-CN25
MD-46	H-45-CN36	H-45-CN37
MD-50	H-49-CN27	H-49-CN28
MD-54	H-53-CN30	H-53-CN31
MD-58	H-57-CN45	H-57-CN46
MD-7	A-9-CN9	FEED-6-CN10
PEC-24	H-20-CN52	GND
PEC-29	H-25-CN49	GND
PEC-34	H-30-CN40	GND
PEC-39	H-35-CN34	GND
PEC-44	H-41-CN25	GND
PEC-48	H-45-CN37	GND
PEC-52	H-49-CN28	GND
PEC-56	H-53-CN31	GND
PEC-60	H-57-CN46	GND
TRAF-4	O-5-CN1	GND
TRAF-4-FU	O-5-CN1	O-5-CN2
TRAF-4-ISEG	O-5-CN2	O-5-CN3

CONTAINERS (33)
A-9	distribution-box	
A-9-FEED	bay	A-9
C-17	distribution-box	
C-17-FEED	bay	C-17
FEED-1	bay	O-5
FEED-11	bay	C-17
FEED-14	bay	C-17
FEED-6	bay	A-9
H-20	house	
H-25	house	
H-30	house	
H-35	house	
H-41	house	
H-45	house	
H-49	house	
H-53	house	
H-57	house	
O-5	substation	
acline:LIN-D-18-E-19:LIN-D-18-E-19	acline	
acline:LIN-D-18-H-35:LIN-D-18-H-35	acline	
acline:LIN-D-18-H-45:LIN-D-18-H-45	acline	
acline:LIN-E-19-H-41:LIN-E-19-H-41	acline	
acline:LIN-E-19-H-49:LIN-E-19-H-49	acline	
acline:LIN-E-19-H-53:LIN-E-19-H-53	acline	
acline:LIN-FEED-1-A-9:LIN-FEED-1-A-9	acline	
acline:LIN-FEED-11-D-18:LIN-FEED-11-H-30	acline	
acline:LIN-FEED-14-H-57:LIN-FEED-14-H-57	acline	
acline:LIN-FEED-6-H-20:LIN-FEED-6-J-10	acline	
acline:LIN-J-10-C-17:LIN-J-10-H-25	acline	
acline:TRAF-4-ISEG:TRAF-4-ISEG	acline	
busbar:A-9-BS	busbar	A-9
busbar:C-17-BS	busbar	C-17
busbar:TRAF-4-BS	busbar	O-5
